<?xml version='1.0' encoding='UTF-8'?>
<testsuites>
  <testsuite name="Test Suite" device="Pixel_6" tests="1" failures="0" time="86.0">
    <testcase id="Login1" name="Login1" classname="Login1" time="86.0" status="SUCCESS"/>
  </testsuite>
</testsuites>
